../Src/stm32f1xx_hal_msp.c:64:6:HAL_MspInit	8	static
../Src/stm32f1xx_hal_msp.c:90:6:HAL_ADC_MspInit	40	static
../Src/stm32f1xx_hal_msp.c:125:6:HAL_ADC_MspDeInit	8	static
../Src/stm32f1xx_hal_msp.c:155:6:HAL_CRC_MspInit	8	static
../Src/stm32f1xx_hal_msp.c:177:6:HAL_CRC_MspDeInit	0	static
../Src/stm32f1xx_hal_msp.c:199:6:HAL_SPI_MspInit	40	static
../Src/stm32f1xx_hal_msp.c:250:6:HAL_SPI_MspDeInit	8	static
../Src/stm32f1xx_hal_msp.c:281:6:HAL_TIM_Base_MspInit	16	static
../Src/stm32f1xx_hal_msp.c:306:6:HAL_TIM_Base_MspDeInit	0	static
