../Src/main.c:79:6:HAL_ADC_ConvCpltCallback	8	static,ignoring_inline_asm
../Src/main.c:91:6:HAL_TIM_PeriodElapsedCallback	0	static
../Src/main.c:97:6:HAL_SPI_TxCpltCallback	0	static
../Src/main.c:104:10:GetRandom	16	static
../Src/main.c:129:6:Prog_0	40	static
../Src/main.c:175:6:Prog_1	48	static
../Src/main.c:189:6:Prog_2	24	static
../Src/main.c:224:6:Prog_3	48	static
../Src/main.c:261:6:Prog_4	40	static
../Src/main.c:372:6:SystemClock_Config	96	static,ignoring_inline_asm
../Src/main.c:282:5:main	72	static,ignoring_inline_asm
../Src/main.c:609:6:Error_Handler	0	static,ignoring_inline_asm
